127.0.0.1 - - [22/Jan/2026:15:56:23 +0800] "GET / HTTP/1.1" 200 237 "-" "curl/7.29.0"
127.0.0.1 - - [22/Jan/2026:16:01:02 +0800] "GET / HTTP/1.1" 200 237 "-" "curl/7.29.0"
127.0.0.1 - - [22/Jan/2026:16:21:04 +0800] "GET / HTTP/1.1" 200 237 "-" "curl/7.29.0"
127.0.0.1 - - [22/Jan/2026:16:22:53 +0800] "GET / HTTP/1.1" 200 237 "-" "curl/7.29.0"
127.0.0.1 - - [22/Jan/2026:18:26:37 +0800] "POST /pic?user=test1 HTTP/1.1" 500 182 "-" "python-requests/2.32.5"
127.0.0.1 - - [22/Jan/2026:18:29:57 +0800] "GET / HTTP/1.1" 200 237 "-" "curl/7.29.0"
127.0.0.1 - - [22/Jan/2026:18:31:34 +0800] "GET / HTTP/1.1" 200 237 "-" "curl/7.29.0"
127.0.0.1 - - [22/Jan/2026:18:35:30 +0800] "GET / HTTP/1.1" 200 237 "-" "curl/7.29.0"
127.0.0.1 - - [22/Jan/2026:18:35:41 +0800] "GET / HTTP/1.1" 200 237 "-" "curl/7.29.0"
127.0.0.1 - - [22/Jan/2026:18:38:50 +0800] "GET /health HTTP/1.1" 404 207 "-" "curl/7.29.0"
127.0.0.1 - - [22/Jan/2026:18:42:04 +0800] "GET / HTTP/1.1" 200 237 "-" "curl/7.29.0"
127.0.0.1 - - [22/Jan/2026:18:43:12 +0800] "POST /pic?user=test1 HTTP/1.1" 200 615 "-" "python-requests/2.32.5"
127.0.0.1 - - [22/Jan/2026:18:43:51 +0800] "POST /pic?user=test1 HTTP/1.1" 200 971 "-" "python-requests/2.32.5"
127.0.0.1 - - [22/Jan/2026:18:51:07 +0800] "GET / HTTP/1.1" 200 237 "-" "curl/7.29.0"
127.0.0.1 - - [22/Jan/2026:18:58:12 +0800] "GET / HTTP/1.1" 200 237 "-" "python-requests/2.32.5"
127.0.0.1 - - [22/Jan/2026:18:58:12 +0800] "POST /pic HTTP/1.1" 400 89 "-" "python-requests/2.32.5"
127.0.0.1 - - [22/Jan/2026:19:05:24 +0800] "POST /pic?user=test1 HTTP/1.1" 200 615 "-" "python-requests/2.32.5"
127.0.0.1 - - [22/Jan/2026:19:06:02 +0800] "POST /pic?user=test1 HTTP/1.1" 200 971 "-" "python-requests/2.32.5"
127.0.0.1 - - [22/Jan/2026:19:11:30 +0800] "POST /pic?user=test1 HTTP/1.1" 200 971 "-" "python-requests/2.32.5"
127.0.0.1 - - [22/Jan/2026:21:29:40 +0800] "POST /pic HTTP/1.1" 200 615 "-" "python-requests/2.32.5"
127.0.0.1 - - [22/Jan/2026:21:31:08 +0800] "GET / HTTP/1.1" 200 237 "-" "curl/7.29.0"
127.0.0.1 - - [22/Jan/2026:21:31:55 +0800] "POST /pic HTTP/1.1" 200 615 "-" "python-requests/2.32.5"
127.0.0.1 - - [22/Jan/2026:21:44:30 +0800] "GET / HTTP/1.1" 200 237 "-" "curl/7.29.0"
127.0.0.1 - - [22/Jan/2026:21:45:18 +0800] "POST /pic?user=test1 HTTP/1.1" 200 615 "-" "python-requests/2.32.5"
127.0.0.1 - - [22/Jan/2026:21:46:04 +0800] "POST /pic?user=test1 HTTP/1.1" 200 971 "-" "python-requests/2.32.5"
127.0.0.1 - - [23/Jan/2026:11:01:53 +0800] "POST /pic?user=test1 HTTP/1.1" 200 615 "-" "python-requests/2.32.5"
127.0.0.1 - - [23/Jan/2026:11:02:40 +0800] "POST /pic?user=test1 HTTP/1.1" 200 971 "-" "python-requests/2.32.5"
127.0.0.1 - - [23/Jan/2026:11:15:27 +0800] "GET / HTTP/1.1" 200 237 "-" "curl/7.29.0"
127.0.0.1 - - [23/Jan/2026:11:20:57 +0800] "GET / HTTP/1.1" 200 237 "-" "curl/7.29.0"
127.0.0.1 - - [23/Jan/2026:11:21:11 +0800] "POST /pic HTTP/1.1" 400 89 "-" "curl/7.29.0"
127.0.0.1 - - [23/Jan/2026:11:21:28 +0800] "GET / HTTP/1.1" 200 237 "-" "python-requests/2.32.5"
127.0.0.1 - - [23/Jan/2026:11:21:28 +0800] "POST /pic HTTP/1.1" 400 89 "-" "python-requests/2.32.5"
127.0.0.1 - - [23/Jan/2026:11:22:59 +0800] "GET / HTTP/1.1" 200 237 "-" "python-requests/2.32.5"
101.201.31.24 - - [23/Jan/2026:11:29:06 +0800] "GET / HTTP/1.1" 200 237 "-" "curl/7.29.0"
101.201.31.24 - - [23/Jan/2026:11:29:15 +0800] "GET / HTTP/1.1" 200 237 "-" "python-requests/2.32.5"
113.65.192.202 - - [23/Jan/2026:11:31:10 +0800] "POST /pic HTTP/1.1" 200 971 "-" "Mozilla/5.0 (Linux; Android 6.0; Nexus 5 Build/MRA58N) AppleWebKit/537.36 (KHTML, like Gecko) Chrome/143.0.0.0 Mobile Safari/537.36"
113.65.192.202 - - [23/Jan/2026:11:31:21 +0800] "POST /pic HTTP/1.1" 200 971 "-" "Mozilla/5.0 (Linux; Android 6.0; Nexus 5 Build/MRA58N) AppleWebKit/537.36 (KHTML, like Gecko) Chrome/143.0.0.0 Mobile Safari/537.36"
65.49.1.142 - - [23/Jan/2026:11:45:49 +0800] "GET / HTTP/1.1" 200 237 "-" "Mozilla/5.0 (X11; Linux x86_64) AppleWebKit/537.36 (KHTML, like Gecko) Chrome/130.0.0.0 Safari/537.36"
65.49.1.149 - - [23/Jan/2026:11:46:21 +0800] "GET /favicon.ico HTTP/1.1" 404 207 "-" "Mozilla/5.0 (Windows NT 10.0; Win64; x64; rv:109.0) Gecko/20100101 Firefox/115.0"
111.33.154.219 - - [23/Jan/2026:11:50:37 +0800] "HEAD / HTTP/1.1" 200 0 "-" "PycURL/7.45.6 libcurl/7.68.0 OpenSSL/1.0.2k-fips zlib/1.2.7"
127.0.0.1 - - [23/Jan/2026:11:57:30 +0800] "GET /api/check-auth/ HTTP/1.1" 200 76 "-" "curl/7.29.0"
59.82.135.38 - - [23/Jan/2026:11:58:42 +0800] "GET / HTTP/1.1" 200 0 "-" "Mozilla/5.0 (Windows NT 10.0; Win64; x64) AppleWebKit/537.36 (KHTML, like Gecko) Chrome/93.0.8202.112 Safari/537.36"
59.82.135.153 - - [23/Jan/2026:11:58:43 +0800] "GET / HTTP/1.1" 200 0 "-" "Mozilla/5.0 (Windows NT 10.0; Win64; x64) AppleWebKit/537.36 (KHTML, like Gecko) Chrome/101.0.6068.141 Safari/537.36"
127.0.0.1 - - [23/Jan/2026:11:58:44 +0800] "GET /api/check-auth/ HTTP/1.1" 200 76 "-" "python-requests/2.32.5"
127.0.0.1 - - [23/Jan/2026:11:58:45 +0800] "POST /api/simple-ocr-upload/ HTTP/1.1" 200 2023 "-" "python-requests/2.32.5"
127.0.0.1 - - [23/Jan/2026:11:58:45 +0800] "GET / HTTP/1.1" 200 0 "-" "python-requests/2.32.5"
127.0.0.1 - - [23/Jan/2026:11:58:45 +0800] "GET /upload.html HTTP/1.1" 200 0 "-" "python-requests/2.32.5"
127.0.0.1 - - [23/Jan/2026:11:58:45 +0800] "GET /test_ocr.html HTTP/1.1" 200 0 "-" "python-requests/2.32.5"
127.0.0.1 - - [23/Jan/2026:11:58:45 +0800] "GET /simple_test.html HTTP/1.1" 200 0 "-" "python-requests/2.32.5"
113.65.192.202 - - [23/Jan/2026:11:58:56 +0800] "GET / HTTP/1.1" 304 0 "-" "Mozilla/5.0 (Windows NT 10.0; Win64; x64) AppleWebKit/537.36 (KHTML, like Gecko) Chrome/143.0.0.0 Safari/537.36"
113.65.192.202 - - [23/Jan/2026:11:58:56 +0800] "GET /js/config.js HTTP/1.1" 304 0 "http://101.201.31.24:8000/" "Mozilla/5.0 (Windows NT 10.0; Win64; x64) AppleWebKit/537.36 (KHTML, like Gecko) Chrome/143.0.0.0 Safari/537.36"
113.65.192.202 - - [23/Jan/2026:11:58:56 +0800] "GET /js/lib/element-plus/index.css HTTP/1.1" 304 0 "http://101.201.31.24:8000/" "Mozilla/5.0 (Windows NT 10.0; Win64; x64) AppleWebKit/537.36 (KHTML, like Gecko) Chrome/143.0.0.0 Safari/537.36"
113.65.192.202 - - [23/Jan/2026:11:58:56 +0800] "GET /css/index.css HTTP/1.1" 304 0 "http://101.201.31.24:8000/" "Mozilla/5.0 (Windows NT 10.0; Win64; x64) AppleWebKit/537.36 (KHTML, like Gecko) Chrome/143.0.0.0 Safari/537.36"
113.65.192.202 - - [23/Jan/2026:11:58:56 +0800] "GET /js/lib/vue/vue.global.prod.js HTTP/1.1" 304 0 "http://101.201.31.24:8000/" "Mozilla/5.0 (Windows NT 10.0; Win64; x64) AppleWebKit/537.36 (KHTML, like Gecko) Chrome/143.0.0.0 Safari/537.36"
113.65.192.202 - - [23/Jan/2026:11:58:56 +0800] "GET /js/lib/axios/axios.min.js HTTP/1.1" 304 0 "http://101.201.31.24:8000/" "Mozilla/5.0 (Windows NT 10.0; Win64; x64) AppleWebKit/537.36 (KHTML, like Gecko) Chrome/143.0.0.0 Safari/537.36"
113.65.192.202 - - [23/Jan/2026:11:58:56 +0800] "GET /js/lib/element-plus/index.full.js HTTP/1.1" 304 0 "http://101.201.31.24:8000/" "Mozilla/5.0 (Windows NT 10.0; Win64; x64) AppleWebKit/537.36 (KHTML, like Gecko) Chrome/143.0.0.0 Safari/537.36"
113.65.192.202 - - [23/Jan/2026:11:58:56 +0800] "GET /js/index.js HTTP/1.1" 304 0 "http://101.201.31.24:8000/" "Mozilla/5.0 (Windows NT 10.0; Win64; x64) AppleWebKit/537.36 (KHTML, like Gecko) Chrome/143.0.0.0 Safari/537.36"
113.65.192.202 - - [23/Jan/2026:11:58:57 +0800] "GET /api/check-auth/ HTTP/1.1" 200 219 "http://101.201.31.24:8000/" "Mozilla/5.0 (Windows NT 10.0; Win64; x64) AppleWebKit/537.36 (KHTML, like Gecko) Chrome/143.0.0.0 Safari/537.36"
113.65.192.202 - - [23/Jan/2026:11:58:57 +0800] "GET /upload.html HTTP/1.1" 304 0 "http://101.201.31.24:8000/" "Mozilla/5.0 (Windows NT 10.0; Win64; x64) AppleWebKit/537.36 (KHTML, like Gecko) Chrome/143.0.0.0 Safari/537.36"
113.65.192.202 - - [23/Jan/2026:11:58:57 +0800] "GET /css/upload.css HTTP/1.1" 304 0 "http://101.201.31.24:8000/upload.html" "Mozilla/5.0 (Windows NT 10.0; Win64; x64) AppleWebKit/537.36 (KHTML, like Gecko) Chrome/143.0.0.0 Safari/537.36"
113.65.192.202 - - [23/Jan/2026:11:58:57 +0800] "GET /js/upload.js HTTP/1.1" 304 0 "http://101.201.31.24:8000/upload.html" "Mozilla/5.0 (Windows NT 10.0; Win64; x64) AppleWebKit/537.36 (KHTML, like Gecko) Chrome/143.0.0.0 Safari/537.36"
113.65.192.202 - - [23/Jan/2026:11:58:57 +0800] "GET /api/check-auth/ HTTP/1.1" 200 219 "http://101.201.31.24:8000/upload.html" "Mozilla/5.0 (Windows NT 10.0; Win64; x64) AppleWebKit/537.36 (KHTML, like Gecko) Chrome/143.0.0.0 Safari/537.36"
127.0.0.1 - - [23/Jan/2026:11:59:45 +0800] "POST /pic?user=test1 HTTP/1.1" 200 971 "-" "python-requests/2.32.5"
113.65.192.202 - - [23/Jan/2026:11:59:45 +0800] "POST /api/orders/ocr-for-form/ HTTP/1.1" 200 164 "http://101.201.31.24:8000/upload.html" "Mozilla/5.0 (Windows NT 10.0; Win64; x64) AppleWebKit/537.36 (KHTML, like Gecko) Chrome/143.0.0.0 Safari/537.36"
113.65.192.202 - - [23/Jan/2026:11:59:50 +0800] "GET /api/check-auth/ HTTP/1.1" 200 219 "http://101.201.31.24:8000/upload.html" "Mozilla/5.0 (Windows NT 10.0; Win64; x64) AppleWebKit/537.36 (KHTML, like Gecko) Chrome/143.0.0.0 Safari/537.36"
127.0.0.1 - - [23/Jan/2026:12:05:09 +0800] "GET /api/check-auth/ HTTP/1.1" 200 76 "-" "curl/7.29.0"
127.0.0.1 - - [23/Jan/2026:12:05:09 +0800] "POST /api/simple-ocr-upload/ HTTP/1.1" 200 2024 "-" "python-requests/2.32.5"
127.0.0.1 - - [23/Jan/2026:12:05:57 +0800] "GET /api/check-auth/ HTTP/1.1" 200 76 "-" "curl/7.29.0"
113.65.192.202 - - [23/Jan/2026:12:06:33 +0800] "GET /direct_ocr_test.html HTTP/1.1" 200 0 "-" "Mozilla/5.0 (Windows NT 10.0; Win64; x64) AppleWebKit/537.36 (KHTML, like Gecko) Chrome/143.0.0.0 Safari/537.36"
113.65.192.202 - - [23/Jan/2026:12:07:33 +0800] "GET /test_ocr.html HTTP/1.1" 200 0 "-" "Mozilla/5.0 (Linux; Android 6.0; Nexus 5 Build/MRA58N) AppleWebKit/537.36 (KHTML, like Gecko) Chrome/143.0.0.0 Mobile Safari/537.36"
113.65.192.202 - - [23/Jan/2026:12:08:08 +0800] "GET /simple_test.html HTTP/1.1" 200 0 "-" "Mozilla/5.0 (Linux; Android 6.0; Nexus 5 Build/MRA58N) AppleWebKit/537.36 (KHTML, like Gecko) Chrome/143.0.0.0 Mobile Safari/537.36"
113.65.192.202 - - [23/Jan/2026:12:08:08 +0800] "GET /api/check-auth/ HTTP/1.1" 200 219 "http://101.201.31.24:8000/simple_test.html" "Mozilla/5.0 (Linux; Android 6.0; Nexus 5 Build/MRA58N) AppleWebKit/537.36 (KHTML, like Gecko) Chrome/143.0.0.0 Mobile Safari/537.36"
113.65.192.202 - - [23/Jan/2026:12:08:26 +0800] "GET /api/check-auth/ HTTP/1.1" 200 219 "http://101.201.31.24:8000/simple_test.html" "Mozilla/5.0 (Windows NT 10.0; Win64; x64) AppleWebKit/537.36 (KHTML, like Gecko) Chrome/143.0.0.0 Safari/537.36"
113.65.192.202 - - [23/Jan/2026:12:08:33 +0800] "POST /api/simple-ocr-upload/ HTTP/1.1" 200 2024 "http://101.201.31.24:8000/simple_test.html" "Mozilla/5.0 (Windows NT 10.0; Win64; x64) AppleWebKit/537.36 (KHTML, like Gecko) Chrome/143.0.0.0 Safari/537.36"
115.231.78.4 - - [23/Jan/2026:12:09:21 +0800] "GET / HTTP/1.1" 200 0 "-" "Mozilla/5.0 (Windows NT 6.1) AppleWebKit/537.36 (KHTML, like Gecko) Chrome/71.0.2623.112 Safari/537.36"
115.231.78.4 - - [23/Jan/2026:12:09:22 +0800] "GET /data:, HTTP/1.1" 404 3309 "-" "Mozilla/5.0 (Windows NT 6.1; WOW64) AppleWebKit/537.36 (KHTML, like Gecko) Chrome/63.0.3239.132 Safari/537.36 QIHU 360SE"
115.231.78.4 - - [23/Jan/2026:12:09:22 +0800] "GET / HTTP/1.1" 200 0 "-" "Mozilla/5.0 (Windows NT 6.1; WOW64) AppleWebKit/537.36 (KHTML, like Gecko) Chrome/63.0.3239.132 Safari/537.36 QIHU 360SE"
115.231.78.4 - - [23/Jan/2026:12:09:22 +0800] "GET /data:, HTTP/1.1" 404 3309 "-" "Mozilla/5.0 (Windows NT 6.1; WOW64) AppleWebKit/537.36 (KHTML, like Gecko) Chrome/63.0.3239.132 Safari/537.36 QIHU 360SE"
115.231.78.4 - - [23/Jan/2026:12:09:22 +0800] "GET /favicon.ico HTTP/1.1" 301 0 "-" "Mozilla/5.0 (Windows NT 6.1; WOW64) AppleWebKit/537.36 (KHTML, like Gecko) Chrome/63.0.3239.132 Safari/537.36 QIHU 360SE"
115.231.78.4 - - [23/Jan/2026:12:09:22 +0800] "GET /robots.txt HTTP/1.1" 404 3325 "-" "Mozilla/5.0 (Windows NT 6.1; WOW64) AppleWebKit/537.36 (KHTML, like Gecko) Chrome/63.0.3239.132 Safari/537.36 QIHU 360SE"
115.231.78.4 - - [23/Jan/2026:12:09:22 +0800] "GET /./js/config.js HTTP/1.1" 200 0 "-" "Mozilla/5.0 (Windows NT 6.1; WOW64) AppleWebKit/537.36 (KHTML, like Gecko) Chrome/63.0.3239.132 Safari/537.36 QIHU 360SE"
115.231.78.4 - - [23/Jan/2026:12:09:22 +0800] "GET /./js/lib/vue/vue.global.prod.js HTTP/1.1" 200 0 "-" "Mozilla/5.0 (Windows NT 6.1; WOW64) AppleWebKit/537.36 (KHTML, like Gecko) Chrome/63.0.3239.132 Safari/537.36 QIHU 360SE"
115.231.78.4 - - [23/Jan/2026:12:09:22 +0800] "GET /./js/lib/axios/axios.min.js HTTP/1.1" 200 0 "-" "Mozilla/5.0 (Windows NT 6.1; WOW64) AppleWebKit/537.36 (KHTML, like Gecko) Chrome/63.0.3239.132 Safari/537.36 QIHU 360SE"
115.231.78.4 - - [23/Jan/2026:12:09:23 +0800] "GET /./js/lib/element-plus/index.full.js HTTP/1.1" 200 0 "-" "Mozilla/5.0 (Windows NT 6.1; WOW64) AppleWebKit/537.36 (KHTML, like Gecko) Chrome/63.0.3239.132 Safari/537.36 QIHU 360SE"
115.231.78.4 - - [23/Jan/2026:12:09:27 +0800] "GET /./js/index.js HTTP/1.1" 200 0 "-" "Mozilla/5.0 (Windows NT 6.1; WOW64) AppleWebKit/537.36 (KHTML, like Gecko) Chrome/63.0.3239.132 Safari/537.36 QIHU 360SE"
127.0.0.1 - - [23/Jan/2026:12:14:36 +0800] "GET /api/check-auth/ HTTP/1.1" 200 76 "-" "curl/7.29.0"
113.65.192.202 - - [23/Jan/2026:12:14:53 +0800] "GET /health_check.html HTTP/1.1" 200 0 "-" "Mozilla/5.0 (Linux; Android 6.0; Nexus 5 Build/MRA58N) AppleWebKit/537.36 (KHTML, like Gecko) Chrome/143.0.0.0 Mobile Safari/537.36"
113.65.192.202 - - [23/Jan/2026:12:14:53 +0800] "GET /api/check-auth/ HTTP/1.1" 200 219 "http://101.201.31.24:8000/health_check.html" "Mozilla/5.0 (Linux; Android 6.0; Nexus 5 Build/MRA58N) AppleWebKit/537.36 (KHTML, like Gecko) Chrome/143.0.0.0 Mobile Safari/537.36"
113.65.192.202 - - [23/Jan/2026:12:14:54 +0800] "POST /api/simple-ocr-upload/ HTTP/1.1" 200 2024 "http://101.201.31.24:8000/health_check.html" "Mozilla/5.0 (Linux; Android 6.0; Nexus 5 Build/MRA58N) AppleWebKit/537.36 (KHTML, like Gecko) Chrome/143.0.0.0 Mobile Safari/537.36"
113.65.192.202 - - [23/Jan/2026:12:15:06 +0800] "POST /api/simple-ocr-upload/ HTTP/1.1" 200 2024 "http://101.201.31.24:8000/health_check.html" "Mozilla/5.0 (Linux; Android 6.0; Nexus 5 Build/MRA58N) AppleWebKit/537.36 (KHTML, like Gecko) Chrome/143.0.0.0 Mobile Safari/537.36"
113.65.192.202 - - [23/Jan/2026:12:15:22 +0800] "GET /direct_ocr_test.html HTTP/1.1" 200 0 "-" "Mozilla/5.0 (Linux; Android 6.0; Nexus 5 Build/MRA58N) AppleWebKit/537.36 (KHTML, like Gecko) Chrome/143.0.0.0 Mobile Safari/537.36"
113.65.192.202 - - [23/Jan/2026:12:15:28 +0800] "POST /api/simple-ocr-upload/ HTTP/1.1" 200 2024 "http://101.201.31.24:8000/direct_ocr_test.html" "Mozilla/5.0 (Linux; Android 6.0; Nexus 5 Build/MRA58N) AppleWebKit/537.36 (KHTML, like Gecko) Chrome/143.0.0.0 Mobile Safari/537.36"
113.65.192.202 - - [23/Jan/2026:12:15:45 +0800] "GET /test_ocr.html HTTP/1.1" 200 0 "-" "Mozilla/5.0 (Linux; Android 6.0; Nexus 5 Build/MRA58N) AppleWebKit/537.36 (KHTML, like Gecko) Chrome/143.0.0.0 Mobile Safari/537.36"
113.65.192.202 - - [23/Jan/2026:12:15:50 +0800] "POST /api/simple-ocr-upload/ HTTP/1.1" 200 2024 "http://101.201.31.24:8000/test_ocr.html" "Mozilla/5.0 (Linux; Android 6.0; Nexus 5 Build/MRA58N) AppleWebKit/537.36 (KHTML, like Gecko) Chrome/143.0.0.0 Mobile Safari/537.36"
127.0.0.1 - - [23/Jan/2026:12:24:58 +0800] "GET /api/check-auth/ HTTP/1.1" 200 76 "-" "curl/7.29.0"
113.65.192.202 - - [23/Jan/2026:12:25:06 +0800] "GET /test_final.html HTTP/1.1" 200 0 "-" "Mozilla/5.0 (Linux; Android 6.0; Nexus 5 Build/MRA58N) AppleWebKit/537.36 (KHTML, like Gecko) Chrome/143.0.0.0 Mobile Safari/537.36"
113.65.192.202 - - [23/Jan/2026:12:25:06 +0800] "GET /api/check-auth/ HTTP/1.1" 200 219 "http://101.201.31.24:8000/test_final.html" "Mozilla/5.0 (Linux; Android 6.0; Nexus 5 Build/MRA58N) AppleWebKit/537.36 (KHTML, like Gecko) Chrome/143.0.0.0 Mobile Safari/537.36"
113.65.192.202 - - [23/Jan/2026:12:25:13 +0800] "POST /api/simple-ocr-upload/ HTTP/1.1" 200 2048 "http://101.201.31.24:8000/test_final.html" "Mozilla/5.0 (Linux; Android 6.0; Nexus 5 Build/MRA58N) AppleWebKit/537.36 (KHTML, like Gecko) Chrome/143.0.0.0 Mobile Safari/537.36"
127.0.0.1 - - [23/Jan/2026:13:05:05 +0800] "GET /api/check-auth/ HTTP/1.1" 200 76 "-" "curl/7.29.0"
113.65.192.202 - - [23/Jan/2026:14:44:49 +0800] "POST /api/logout/ HTTP/1.1" 200 62 "http://101.201.31.24:8000/" "Mozilla/5.0 (Windows NT 10.0; Win64; x64) AppleWebKit/537.36 (KHTML, like Gecko) Chrome/143.0.0.0 Safari/537.36"
113.65.192.202 - - [23/Jan/2026:14:44:57 +0800] "POST /api/login/ HTTP/1.1" 200 197 "http://101.201.31.24:8000/" "Mozilla/5.0 (Windows NT 10.0; Win64; x64) AppleWebKit/537.36 (KHTML, like Gecko) Chrome/143.0.0.0 Safari/537.36"
113.65.192.202 - - [23/Jan/2026:14:44:57 +0800] "GET /js/config.js HTTP/1.1" 304 0 "http://101.201.31.24:8000/upload.html" "Mozilla/5.0 (Windows NT 10.0; Win64; x64) AppleWebKit/537.36 (KHTML, like Gecko) Chrome/143.0.0.0 Safari/537.36"
113.65.192.202 - - [23/Jan/2026:14:44:57 +0800] "GET /api/check-auth/ HTTP/1.1" 200 219 "http://101.201.31.24:8000/upload.html" "Mozilla/5.0 (Windows NT 10.0; Win64; x64) AppleWebKit/537.36 (KHTML, like Gecko) Chrome/143.0.0.0 Safari/537.36"
127.0.0.1 - - [23/Jan/2026:14:45:06 +0800] "POST /pic?user=test1 HTTP/1.1" 500 182 "-" "python-requests/2.32.5"
113.65.192.202 - - [23/Jan/2026:14:45:06 +0800] "POST /api/orders/ocr-for-form/ HTTP/1.1" 200 70 "http://101.201.31.24:8000/upload.html" "Mozilla/5.0 (Windows NT 10.0; Win64; x64) AppleWebKit/537.36 (KHTML, like Gecko) Chrome/143.0.0.0 Safari/537.36"
111.33.154.219 - - [23/Jan/2026:14:49:15 +0800] "HEAD / HTTP/1.1" 200 0 "-" "PycURL/7.45.6 libcurl/7.68.0 OpenSSL/1.0.2k-fips zlib/1.2.7"
127.0.0.1 - - [23/Jan/2026:14:53:45 +0800] "GET / HTTP/1.1" 200 237 "-" "curl/7.29.0"
127.0.0.1 - - [23/Jan/2026:14:54:04 +0800] "GET / HTTP/1.1" 200 237 "-" "python-requests/2.32.5"
127.0.0.1 - - [23/Jan/2026:14:54:04 +0800] "POST /pic HTTP/1.1" 400 89 "-" "python-requests/2.32.5"
127.0.0.1 - - [23/Jan/2026:14:58:02 +0800] "POST /pic?user=test1 HTTP/1.1" 200 909 "-" "python-requests/2.32.5"
127.0.0.1 - - [23/Jan/2026:16:07:14 +0800] "GET /health HTTP/1.1" 200 127 "-" "curl/7.29.0"
127.0.0.1 - - [23/Jan/2026:16:07:14 +0800] "GET /health HTTP/1.1" 200 127 "-" "curl/7.29.0"
127.0.0.1 - - [23/Jan/2026:16:07:26 +0800] "GET /health HTTP/1.1" 200 127 "-" "curl/7.29.0"
123.160.221.139 - - [23/Jan/2026:16:23:03 +0800] "GET / HTTP/1.1" 200 406 "-" "curl/7.64.1"
123.160.221.133 - - [23/Jan/2026:16:24:11 +0800] "GET / HTTP/1.1" 200 406 "-" "Mozilla/5.0 (Macintosh; Intel Mac OS X 10_15_7) AppleWebKit/537.36 (KHTML, like Gecko) Chrome/120.0.0.0 Safari/537.36"
123.160.221.133 - - [23/Jan/2026:16:24:11 +0800] "GET /favicon.ico HTTP/1.1" 404 207 "-" "Mozilla/5.0 (Macintosh; Intel Mac OS X 10_15_7) AppleWebKit/537.36 (KHTML, like Gecko) Chrome/120.0.0.0 Safari/537.36"
204.76.203.51 - - [23/Jan/2026:17:54:14 +0800] "GET http://azenv.net/ HTTP/1.1" 200 406 "-" "Go-http-client/1.1"
204.76.203.50 - - [23/Jan/2026:18:19:59 +0800] "GET http://azenv.net/ HTTP/1.1" 200 406 "-" "Go-http-client/1.1"
150.255.54.169 - - [23/Jan/2026:18:58:26 +0800] "GET / HTTP/1.1" 200 406 "-" "-"
175.30.48.145 - - [23/Jan/2026:18:58:41 +0800] "GET / HTTP/1.1" 200 406 "-" "Mozilla/5.0 (Windows NT 6.1) AppleWebKit/537.36 (KHTML, like Gecko) Chrome/49.0.2623.112 Safari/537.36"
199.45.154.132 - - [23/Jan/2026:20:28:08 +0800] "GET / HTTP/1.1" 200 406 "-" "-"
199.45.154.132 - - [23/Jan/2026:20:28:29 +0800] "GET / HTTP/1.1" 200 406 "-" "Mozilla/5.0 (compatible; CensysInspect/1.1; +https://about.censys.io/)"
199.45.154.132 - - [23/Jan/2026:20:28:32 +0800] "GET /favicon.ico HTTP/1.1" 404 207 "-" "Mozilla/5.0 (compatible; CensysInspect/1.1; +https://about.censys.io/)"
199.45.154.132 - - [23/Jan/2026:20:28:51 +0800] "GET /login HTTP/1.1" 404 207 "-" "Mozilla/5.0 (compatible; CensysInspect/1.1; +https://about.censys.io/)"
172.232.232.169 - - [23/Jan/2026:20:41:48 +0800] "GET / HTTP/1.0" 200 406 "-" "-"
172.232.232.169 - - [23/Jan/2026:20:42:09 +0800] "OPTIONS / HTTP/1.0" 200 0 "-" "-"
3.132.23.201 - - [23/Jan/2026:21:34:29 +0800] "GET / HTTP/1.1" 200 406 "-" "cypex.ai/scanning Mozilla/5.0 (Macintosh; Intel Mac OS X 10_15_7) Chrome/126.0.0.0 Safari/537.36"
139.224.0.39 - - [23/Jan/2026:21:39:09 +0800] "HEAD /pscc/ HTTP/1.1" 404 0 "-" "-"
139.224.0.39 - - [23/Jan/2026:21:39:09 +0800] "HEAD /start/index.html HTTP/1.1" 404 0 "-" "-"
205.210.31.243 - - [24/Jan/2026:05:37:37 +0800] "GET / HTTP/1.1" 200 406 "-" "Hello from Palo Alto Networks, find out more about our scans in https://docs-cortex.paloaltonetworks.com/r/1/Cortex-Xpanse/Scanning-activity"
172.236.228.198 - - [24/Jan/2026:08:24:04 +0800] "GET / HTTP/1.1" 200 406 "-" "Mozilla/5.0 (Macintosh; Intel Mac OS X 13_1) AppleWebKit/537.36 (KHTML, like Gecko) Chrome/108.0.0.0 Safari/537.36"
172.104.210.105 - - [24/Jan/2026:08:38:11 +0800] "GET / HTTP/1.1" 200 406 "-" "Mozilla/5.0 zgrab/0.x"
172.104.11.4 - - [24/Jan/2026:08:38:18 +0800] "GET / HTTP/1.1" 200 406 "-" "Mozilla/5.0 (Macintosh; Intel Mac OS X 13_1) AppleWebKit/537.36 (KHTML, like Gecko) Chrome/108.0.0.0 Safari/537.36"
204.76.203.51 - - [24/Jan/2026:09:47:07 +0800] "GET http://azenv.net/ HTTP/1.1" 200 406 "-" "Go-http-client/1.1"
204.76.203.50 - - [24/Jan/2026:10:12:52 +0800] "GET http://azenv.net/ HTTP/1.1" 200 406 "-" "Go-http-client/1.1"
127.0.0.1 - - [24/Jan/2026:11:16:38 +0800] "POST /pic?user=test1 HTTP/1.1" 200 630 "-" "python-requests/2.32.5"
147.185.132.90 - - [24/Jan/2026:11:28:43 +0800] "GET / HTTP/1.0" 200 406 "-" "Hello from Palo Alto Networks, find out more about our scans in https://docs-cortex.paloaltonetworks.com/r/1/Cortex-Xpanse/Scanning-activity"
151.242.152.15 - - [24/Jan/2026:12:39:44 +0800] "CONNECT ifconfig.cc:80 HTTP/1.1" 404 207 "-" "-"
151.242.152.15 - - [24/Jan/2026:12:39:44 +0800] "GET http://ifconfig.cc/ HTTP/1.1" 200 406 "-" "ifhttp"
205.210.31.139 - - [24/Jan/2026:13:17:40 +0800] "GET / HTTP/1.0" 200 406 "-" "Hello from Palo Alto Networks, find out more about our scans in https://docs-cortex.paloaltonetworks.com/r/1/Cortex-Xpanse/Scanning-activity"
204.76.203.50 - - [24/Jan/2026:13:35:43 +0800] "GET http://azenv.net/ HTTP/1.1" 200 406 "-" "Go-http-client/1.1"
204.76.203.51 - - [24/Jan/2026:13:42:15 +0800] "GET http://azenv.net/ HTTP/1.1" 200 406 "-" "Go-http-client/1.1"
127.0.0.1 - - [24/Jan/2026:14:52:34 +0800] "POST /pic?user=test1 HTTP/1.1" 200 486 "-" "python-requests/2.32.5"
127.0.0.1 - - [24/Jan/2026:15:03:22 +0800] "GET / HTTP/1.1" 200 406 "-" "curl/7.29.0"
127.0.0.1 - - [24/Jan/2026:15:19:06 +0800] "POST /pic HTTP/1.1" 200 486 "-" "curl/7.29.0"
95.215.0.144 - - [24/Jan/2026:15:39:57 +0800] "GET / HTTP/1.0" 200 406 "-" "Mozilla/5.0 (Linux; U; Android 2.0; en-us; Droid Build/ESD20) AppleWebKit/530.17 (KHTML, like Gecko) Version/4.0 Mobile Safari/530.17"
198.235.24.139 - - [24/Jan/2026:15:45:50 +0800] "GET / HTTP/1.1" 200 406 "-" "Hello from Palo Alto Networks, find out more about our scans in https://docs-cortex.paloaltonetworks.com/r/1/Cortex-Xpanse/Scanning-activity"
127.0.0.1 - - [24/Jan/2026:15:53:48 +0800] "POST /pic?user=test1 HTTP/1.1" 200 486 "-" "python-requests/2.32.5"
64.62.156.192 - - [24/Jan/2026:15:54:04 +0800] "GET / HTTP/1.1" 200 406 "-" "Mozilla/5.0 (Macintosh; Intel Mac OS X 10_15_7) AppleWebKit/537.36 (KHTML, like Gecko) Chrome/109.0.0.0 Safari/537.36"
64.62.156.195 - - [24/Jan/2026:15:54:35 +0800] "GET /favicon.ico HTTP/1.1" 404 207 "-" "Mozilla/5.0 (Macintosh; Intel Mac OS X 10.15; rv:125.0) Gecko/20100101 Firefox/125.0"
127.0.0.1 - - [24/Jan/2026:16:30:13 +0800] "GET / HTTP/1.1" 200 237 "-" "curl/7.29.0"
127.0.0.1 - - [24/Jan/2026:16:46:53 +0800] "GET / HTTP/1.1" 200 237 "-" "curl/7.29.0"
127.0.0.1 - - [24/Jan/2026:16:47:52 +0800] "GET / HTTP/1.1" 200 237 "-" "python-requests/2.32.5"
127.0.0.1 - - [24/Jan/2026:16:47:52 +0800] "POST /pic HTTP/1.1" 400 89 "-" "python-requests/2.32.5"
113.65.192.202 - - [24/Jan/2026:16:54:22 +0800] "GET / HTTP/1.1" 200 237 "-" "Mozilla/5.0 (Windows NT 10.0; Win64; x64) AppleWebKit/537.36 (KHTML, like Gecko) Chrome/143.0.0.0 Safari/537.36"
127.0.0.1 - - [24/Jan/2026:16:58:05 +0800] "POST /pic HTTP/1.1" 500 182 "-" "curl/7.29.0"
204.76.203.50 - - [24/Jan/2026:16:58:27 +0800] "GET http://azenv.net/ HTTP/1.1" 200 237 "-" "Go-http-client/1.1"
127.0.0.1 - - [24/Jan/2026:16:59:18 +0800] "POST /pic HTTP/1.1" 500 182 "-" "curl/7.29.0"
192.241.167.26 - - [24/Jan/2026:17:02:41 +0800] "GET / HTTP/1.1" 200 237 "-" "Mozilla/5.0 (Windows NT 10.0; Win64; x64) AppleWebKit/537.36 (KHTML, like Gecko) Chrome/108.0.0.0 Safari/537.36"
204.76.203.51 - - [24/Jan/2026:17:37:25 +0800] "GET http://azenv.net/ HTTP/1.1" 200 237 "-" "Go-http-client/1.1"
127.0.0.1 - - [24/Jan/2026:17:41:45 +0800] "GET / HTTP/1.1" 200 237 "-" "python-requests/2.32.5"
127.0.0.1 - - [24/Jan/2026:17:41:45 +0800] "POST /pic HTTP/1.1" 400 89 "-" "python-requests/2.32.5"
127.0.0.1 - - [24/Jan/2026:18:03:17 +0800] "GET / HTTP/1.1" 200 237 "-" "curl/7.29.0"
127.0.0.1 - - [24/Jan/2026:18:03:24 +0800] "POST / HTTP/1.0" 405 153 "-" "curl/7.29.0"
101.201.31.24 - - [24/Jan/2026:18:03:30 +0800] "GET / HTTP/1.1" 200 237 "-" "curl/7.29.0"
127.0.0.1 - - [24/Jan/2026:18:06:06 +0800] "POST /pic HTTP/1.1" 400 89 "-" "curl/7.29.0"
127.0.0.1 - - [24/Jan/2026:18:06:11 +0800] "POST /pic HTTP/1.0" 400 89 "-" "curl/7.29.0"
127.0.0.1 - - [24/Jan/2026:18:14:07 +0800] "POST /pic HTTP/1.1" 200 615 "-" "curl/7.29.0"
127.0.0.1 - - [24/Jan/2026:18:18:39 +0800] "POST /pic HTTP/1.1" 200 615 "-" "curl/7.29.0"
127.0.0.1 - - [24/Jan/2026:18:18:41 +0800] "POST /pic HTTP/1.0" 200 615 "-" "curl/7.29.0"
127.0.0.1 - - [24/Jan/2026:18:27:25 +0800] "POST /pic HTTP/1.1" 200 615 "-" "curl/7.29.0"
127.0.0.1 - - [24/Jan/2026:18:28:11 +0800] "POST /pic?user=test1 HTTP/1.1" 200 743 "-" "python-requests/2.32.5"
127.0.0.1 - - [24/Jan/2026:18:32:59 +0800] "POST /pic HTTP/1.1" 200 615 "-" "python-requests/2.32.5"
127.0.0.1 - - [24/Jan/2026:18:33:00 +0800] "POST /pic HTTP/1.0" 200 615 "-" "python-requests/2.32.5"
127.0.0.1 - - [24/Jan/2026:18:53:40 +0800] "POST /pic HTTP/1.0" 200 615 "-" "curl/7.29.0"
127.0.0.1 - - [24/Jan/2026:18:56:07 +0800] "POST /pic HTTP/1.1" 200 615 "-" "curl/7.29.0"
127.0.0.1 - - [24/Jan/2026:18:56:14 +0800] "POST /pic HTTP/1.0" 200 615 "-" "curl/7.29.0"
127.0.0.1 - - [24/Jan/2026:18:56:45 +0800] "POST /pic?user=test1 HTTP/1.1" 200 874 "-" "python-requests/2.32.5"
204.76.203.50 - - [24/Jan/2026:20:20:52 +0800] "GET http://azenv.net/ HTTP/1.1" 200 237 "-" "Go-http-client/1.1"
221.238.131.250 - - [24/Jan/2026:20:32:06 +0800] "HEAD / HTTP/1.1" 200 0 "-" "PycURL/7.45.6 libcurl/7.68.0 OpenSSL/1.0.2k-fips zlib/1.2.7"
167.94.138.112 - - [24/Jan/2026:20:59:37 +0800] "GET / HTTP/1.1" 200 237 "-" "Mozilla/5.0 (compatible; CensysInspect/1.1; +https://about.censys.io/)"
167.94.138.112 - - [24/Jan/2026:20:59:42 +0800] "GET /favicon.ico HTTP/1.1" 404 207 "-" "Mozilla/5.0 (compatible; CensysInspect/1.1; +https://about.censys.io/)"
167.94.138.112 - - [24/Jan/2026:21:01:49 +0800] "GET /wiki HTTP/1.1" 404 207 "-" "Mozilla/5.0 (compatible; CensysInspect/1.1; +https://about.censys.io/)"
204.76.203.51 - - [24/Jan/2026:21:32:57 +0800] "GET http://azenv.net/ HTTP/1.1" 200 237 "-" "Go-http-client/1.1"
204.76.203.50 - - [24/Jan/2026:23:43:59 +0800] "GET http://azenv.net/ HTTP/1.1" 200 237 "-" "Go-http-client/1.1"
3.143.33.63 - - [25/Jan/2026:01:08:03 +0800] "GET / HTTP/1.1" 200 237 "-" "cypex.ai/scanning Mozilla/5.0 (Macintosh; Intel Mac OS X 10_15_7) Chrome/126.0.0.0 Safari/537.36"
3.143.33.63 - - [25/Jan/2026:01:10:23 +0800] "GET / HTTP/1.1" 200 237 "-" "cypex.ai/scanning Mozilla/5.0 (Macintosh; Intel Mac OS X 10_15_7) Chrome/126.0.0.0 Safari/537.36"
195.184.76.126 - - [25/Jan/2026:02:27:23 +0800] "GET / HTTP/1.1" 200 237 "-" "Mozilla/5.0 (X11; Ubuntu; Linux x86_64; rv:134.0) Gecko/20100101 Firefox/134.0"
91.230.168.142 - - [25/Jan/2026:02:29:08 +0800] "GET /favicon.ico HTTP/1.1" 404 207 "-" "Mozilla/5.0 (X11; Ubuntu; Linux x86_64; rv:134.0) Gecko/20100101 Firefox/134.0"
59.82.83.135 - - [25/Jan/2026:02:50:26 +0800] "GET / HTTP/1.1" 200 237 "-" "Mozilla/5.0 (Windows NT 10.0; Win64; x64) AppleWebKit/537.36 (KHTML, like Gecko) Chrome/110.0.4012.25 Safari/537.36"
204.76.203.50 - - [25/Jan/2026:03:07:45 +0800] "GET http://azenv.net/ HTTP/1.1" 200 237 "-" "Go-http-client/1.1"
111.33.154.219 - - [25/Jan/2026:03:21:54 +0800] "HEAD / HTTP/1.1" 200 0 "-" "PycURL/7.45.6 libcurl/7.68.0 OpenSSL/1.0.2k-fips zlib/1.2.7"
113.215.189.141 - - [25/Jan/2026:03:41:55 +0800] "GET / HTTP/1.1" 200 237 "-" "Mozilla/5.0 (Windows NT 10.0; Win64; x64) AppleWebKit/537.36 (KHTML, like Gecko) Chrome/114.0.8033.100 Safari/537.36"
182.138.158.137 - - [25/Jan/2026:03:50:25 +0800] "GET / HTTP/1.1" 200 237 "-" "-"
205.210.31.15 - - [25/Jan/2026:03:51:25 +0800] "GET / HTTP/1.0" 200 237 "-" "Hello from Palo Alto Networks, find out more about our scans in https://docs-cortex.paloaltonetworks.com/r/1/Cortex-Xpanse/Scanning-activity"
43.248.109.87 - - [25/Jan/2026:03:52:34 +0800] "GET / HTTP/1.1" 200 237 "-" "Mozilla/5.0 (Windows NT 6.1) AppleWebKit/537.36 (KHTML, like Gecko) Chrome/49.0.2623.112 Safari/537.36"
221.199.73.226 - - [25/Jan/2026:03:52:35 +0800] "GET /favicon.ico HTTP/1.1" 404 207 "-" "Mozilla/5.0 (Windows NT 6.1) AppleWebKit/537.36 (KHTML, like Gecko) Chrome/49.0.2623.112 Safari/537.36"
205.210.31.15 - - [25/Jan/2026:04:06:24 +0800] "GET / HTTP/1.1" 200 237 "-" "Hello from Palo Alto Networks, find out more about our scans in https://docs-cortex.paloaltonetworks.com/r/1/Cortex-Xpanse/Scanning-activity"
212.73.148.6 - - [25/Jan/2026:05:20:04 +0800] "GET / HTTP/1.1" 200 237 "-" "Mozilla/5.0 (compatible; ModatScanner/1.2; +https://modat.io/)"
204.76.203.51 - - [25/Jan/2026:05:28:31 +0800] "GET http://azenv.net/ HTTP/1.1" 200 237 "-" "Go-http-client/1.1"
204.76.203.50 - - [25/Jan/2026:06:31:48 +0800] "GET http://azenv.net/ HTTP/1.1" 200 237 "-" "Go-http-client/1.1"
20.106.56.125 - - [25/Jan/2026:07:31:52 +0800] "GET /v2/ HTTP/1.1" 404 207 "-" "Mozilla/5.0 zgrab/0.x"
167.94.138.120 - - [25/Jan/2026:09:51:50 +0800] "GET / HTTP/1.1" 200 237 "-" "Mozilla/5.0 (compatible; CensysInspect/1.1; +https://about.censys.io/)"
167.94.138.120 - - [25/Jan/2026:09:53:24 +0800] "GET /sitemap.xml HTTP/1.1" 404 207 "-" "Mozilla/5.0 (compatible; CensysInspect/1.1; +https://about.censys.io/)"
204.76.203.50 - - [25/Jan/2026:09:55:49 +0800] "GET http://azenv.net/ HTTP/1.1" 200 237 "-" "Go-http-client/1.1"
147.185.132.58 - - [25/Jan/2026:11:09:14 +0800] "GET / HTTP/1.1" 200 237 "-" "Hello from Palo Alto Networks, find out more about our scans in https://docs-cortex.paloaltonetworks.com/r/1/Cortex-Xpanse/Scanning-activity"
184.105.247.254 - - [25/Jan/2026:11:42:36 +0800] "GET / HTTP/1.1" 200 237 "-" "Mozilla/5.0 (Windows NT 10.0; rv:109.0) Gecko/20100101 Firefox/115.0"
184.105.247.254 - - [25/Jan/2026:11:43:22 +0800] "GET /favicon.ico HTTP/1.1" 404 207 "-" "Mozilla/5.0 (X11; Linux x86_64; rv:128.0) Gecko/20100101 Firefox/128.0"
198.235.24.80 - - [25/Jan/2026:13:54:38 +0800] "GET / HTTP/1.0" 200 237 "-" "Hello from Palo Alto Networks, find out more about our scans in https://docs-cortex.paloaltonetworks.com/r/1/Cortex-Xpanse/Scanning-activity"
198.235.24.34 - - [25/Jan/2026:20:26:49 +0800] "GET /.well-known/security.txt HTTP/1.1" 404 207 "-" "Hello from Palo Alto Networks, find out more about our scans in https://docs-cortex.paloaltonetworks.com/r/1/Cortex-Xpanse/Scanning-activity"
142.93.150.23 - - [25/Jan/2026:22:39:23 +0800] "GET / HTTP/1.1" 200 237 "-" "Mozilla/5.0 (X11; Linux x86_64; rv:142.0) Gecko/20100101 Firefox/142.0"
142.93.150.23 - - [25/Jan/2026:22:39:24 +0800] "GET /favicon.ico HTTP/1.1" 404 207 "http://101.201.31.24:5000/" "Mozilla/5.0 (X11; Linux x86_64; rv:142.0) Gecko/20100101 Firefox/142.0"
167.94.138.46 - - [25/Jan/2026:22:49:01 +0800] "GET / HTTP/1.1" 200 237 "-" "Mozilla/5.0 (compatible; CensysInspect/1.1; +https://about.censys.io/)"
167.94.138.46 - - [25/Jan/2026:22:49:13 +0800] "GET /favicon.ico HTTP/1.1" 404 207 "-" "Mozilla/5.0 (compatible; CensysInspect/1.1; +https://about.censys.io/)"
167.94.138.46 - - [25/Jan/2026:22:51:33 +0800] "GET /.well-known/security.txt HTTP/1.1" 404 207 "-" "Mozilla/5.0 (compatible; CensysInspect/1.1; +https://about.censys.io/)"
221.238.131.250 - - [26/Jan/2026:02:29:16 +0800] "HEAD / HTTP/1.1" 200 0 "-" "PycURL/7.45.6 libcurl/7.68.0 OpenSSL/1.0.2k-fips zlib/1.2.7"
205.210.31.35 - - [26/Jan/2026:02:54:09 +0800] "GET / HTTP/1.1" 200 237 "-" "Hello from Palo Alto Networks, find out more about our scans in https://docs-cortex.paloaltonetworks.com/r/1/Cortex-Xpanse/Scanning-activity"
147.185.132.141 - - [26/Jan/2026:07:19:58 +0800] "GET / HTTP/1.0" 200 237 "-" "Hello from Palo Alto Networks, find out more about our scans in https://docs-cortex.paloaltonetworks.com/r/1/Cortex-Xpanse/Scanning-activity"
205.210.31.10 - - [26/Jan/2026:10:08:38 +0800] "GET / HTTP/1.0" 200 237 "-" "Hello from Palo Alto Networks, find out more about our scans in https://docs-cortex.paloaltonetworks.com/r/1/Cortex-Xpanse/Scanning-activity"
204.76.203.50 - - [26/Jan/2026:10:52:10 +0800] "GET http://azenv.net/ HTTP/1.1" 200 237 "-" "Go-http-client/1.1"
127.0.0.1 - - [26/Jan/2026:11:10:35 +0800] "HEAD / HTTP/1.1" 200 0 "-" "curl/7.29.0"
127.0.0.1 - - [26/Jan/2026:11:15:22 +0800] "HEAD / HTTP/1.1" 200 0 "-" "curl/7.29.0"
